// Jest Snapshot v1, https://goo.gl/fbAQLP

exports[`LoginView should match snapshot 1`] = `
<div
  className="PageViewBase-view-7"
>
  <div
    className="PageViewBase-toolbar-6"
  />
  <div
    className="MuiGrid-container-8 MuiGrid-direction-xs-column-11"
  >
    <div
      className="PageViewBase-title-5"
    >
      <h1
        className="MuiTypography-root-104 MuiTypography-display1-108"
      >
        Login
      </h1>
    </div>
    <div
      className="MuiGrid-item-9 MuiGrid-grid-sm-12-61"
    >
      <div
        className="text-center"
      >
        <h1>
          Welcome Back
        </h1>
        <p
          className="subtitle"
        >
          Welcome back sign-in now there is lot of new stuff waiting for you.
        </p>
      </div>
    </div>
    <div
      className="MuiGrid-item-9 MuiGrid-grid-xs-12-47"
    >
      <div
        className="MuiGrid-container-8 MuiGrid-align-items-xs-center-16 MuiGrid-justify-xs-center-25"
      >
        <div
          className="MuiPaper-root-129 MuiPaper-elevation1-132 MuiPaper-rounded-130 MuiCard-root-128 LoginViewBase-card-2"
        >
          <div
            className="MuiCardContent-root-156"
          >
            <form
              className="FormBase-form-157"
              onSubmit={[Function]}
            >
              <div
                className="MuiGrid-item-9 MuiGrid-grid-xs-12-47"
              >
                <div
                  className="MuiFormControl-root-158 MuiFormControl-fullWidth-161"
                >
                  <label
                    className="MuiFormLabel-root-167 MuiInputLabel-root-162 MuiInputLabel-formControl-163 MuiInputLabel-animated-166"
                    data-shrink={false}
                  >
                    Username
                  </label>
                  <div
                    className="MuiInput-root-172 MuiInput-fullWidth-179 MuiInput-formControl-173 MuiInput-underline-176"
                  >
                    <input
                      aria-invalid={false}
                      className="MuiInput-input-180"
                      disabled={false}
                      name="username"
                      onBlur={[Function]}
                      onChange={[Function]}
                      onFocus={[Function]}
                      type="text"
                      value=""
                    />
                  </div>
                </div>
              </div>
              <div
                className="MuiGrid-item-9 MuiGrid-grid-xs-12-47"
              >
                <div
                  className="MuiFormControl-root-158 MuiFormControl-fullWidth-161"
                >
                  <label
                    className="MuiFormLabel-root-167 MuiInputLabel-root-162 MuiInputLabel-formControl-163 MuiInputLabel-animated-166"
                    data-shrink={false}
                  >
                    Password
                  </label>
                  <div
                    className="MuiInput-root-172 MuiInput-fullWidth-179 MuiInput-formControl-173 MuiInput-underline-176"
                  >
                    <input
                      aria-invalid={false}
                      className="MuiInput-input-180 MuiInput-inputType-183"
                      disabled={false}
                      name="password"
                      onBlur={[Function]}
                      onChange={[Function]}
                      onFocus={[Function]}
                      type="password"
                      value=""
                    />
                  </div>
                </div>
              </div>
              <div
                className="MuiGrid-container-8 MuiGrid-justify-xs-flex-end-26 LoginViewBase-forgot-3"
              >
                <p
                  className="forgetPass"
                >
                  Forgot password???
                </p>
              </div>
              <div
                className="MuiGrid-container-8 MuiGrid-align-items-xs-flex-end-18 MuiGrid-justify-xs-flex-end-26 LoginViewBase-buttons-1"
              >
                <button
                  className="MuiButtonBase-root-209 MuiButton-root-185 MuiButton-text-187 MuiButton-flat-190 MuiButton-sizeLarge-207"
                  disabled={false}
                  onBlur={[Function]}
                  onFocus={[Function]}
                  onKeyDown={[Function]}
                  onKeyUp={[Function]}
                  onMouseDown={[Function]}
                  onMouseLeave={[Function]}
                  onMouseUp={[Function]}
                  onTouchEnd={[Function]}
                  onTouchMove={[Function]}
                  onTouchStart={[Function]}
                  tabIndex="0"
                  type="submit"
                  value=""
                >
                  <span
                    className="MuiButton-label-186"
                  >
                    New Account
                  </span>
                  <span
                    className="MuiTouchRipple-root-212"
                  />
                </button>
                <button
                  className="MuiButtonBase-root-209 MuiButton-root-185 MuiButton-contained-194 MuiButton-containedPrimary-195 MuiButton-raised-197 MuiButton-raisedPrimary-198 MuiButton-sizeLarge-207"
                  disabled={false}
                  onBlur={[Function]}
                  onFocus={[Function]}
                  onKeyDown={[Function]}
                  onKeyUp={[Function]}
                  onMouseDown={[Function]}
                  onMouseLeave={[Function]}
                  onMouseUp={[Function]}
                  onTouchEnd={[Function]}
                  onTouchMove={[Function]}
                  onTouchStart={[Function]}
                  tabIndex="0"
                  type="submit"
                  value=""
                >
                  <span
                    className="MuiButton-label-186"
                  >
                    Sign in
                  </span>
                  <span
                    className="MuiTouchRipple-root-212"
                  />
                </button>
              </div>
            </form>
          </div>
        </div>
      </div>
    </div>
  </div>
</div>
`;
